
29. Executing CHECK pass (checking for obvious problems).
checking module sm_cpu..
Warning: Wire sm_cpu.\regData [31] is used but has no driver.
Warning: Wire sm_cpu.\regData [30] is used but has no driver.
Warning: Wire sm_cpu.\regData [29] is used but has no driver.
Warning: Wire sm_cpu.\regData [28] is used but has no driver.
Warning: Wire sm_cpu.\regData [27] is used but has no driver.
Warning: Wire sm_cpu.\regData [26] is used but has no driver.
Warning: Wire sm_cpu.\regData [25] is used but has no driver.
Warning: Wire sm_cpu.\regData [24] is used but has no driver.
Warning: Wire sm_cpu.\regData [23] is used but has no driver.
Warning: Wire sm_cpu.\regData [22] is used but has no driver.
Warning: Wire sm_cpu.\regData [21] is used but has no driver.
Warning: Wire sm_cpu.\regData [20] is used but has no driver.
Warning: Wire sm_cpu.\regData [19] is used but has no driver.
Warning: Wire sm_cpu.\regData [18] is used but has no driver.
Warning: Wire sm_cpu.\regData [17] is used but has no driver.
Warning: Wire sm_cpu.\regData [16] is used but has no driver.
Warning: Wire sm_cpu.\regData [15] is used but has no driver.
Warning: Wire sm_cpu.\regData [14] is used but has no driver.
Warning: Wire sm_cpu.\regData [13] is used but has no driver.
Warning: Wire sm_cpu.\regData [12] is used but has no driver.
Warning: Wire sm_cpu.\regData [11] is used but has no driver.
Warning: Wire sm_cpu.\regData [10] is used but has no driver.
Warning: Wire sm_cpu.\regData [9] is used but has no driver.
Warning: Wire sm_cpu.\regData [8] is used but has no driver.
Warning: Wire sm_cpu.\regData [7] is used but has no driver.
Warning: Wire sm_cpu.\regData [6] is used but has no driver.
Warning: Wire sm_cpu.\regData [5] is used but has no driver.
Warning: Wire sm_cpu.\regData [4] is used but has no driver.
Warning: Wire sm_cpu.\regData [3] is used but has no driver.
Warning: Wire sm_cpu.\regData [2] is used but has no driver.
Warning: Wire sm_cpu.\regData [1] is used but has no driver.
Warning: Wire sm_cpu.\regData [0] is used but has no driver.
Warning: Wire sm_cpu.\imAddr [31] is used but has no driver.
Warning: Wire sm_cpu.\imAddr [30] is used but has no driver.
Warning: Wire sm_cpu.\imAddr [29] is used but has no driver.
Warning: Wire sm_cpu.\imAddr [28] is used but has no driver.
Warning: Wire sm_cpu.\imAddr [27] is used but has no driver.
Warning: Wire sm_cpu.\imAddr [26] is used but has no driver.
Warning: Wire sm_cpu.\imAddr [25] is used but has no driver.
Warning: Wire sm_cpu.\imAddr [24] is used but has no driver.
Warning: Wire sm_cpu.\imAddr [23] is used but has no driver.
Warning: Wire sm_cpu.\imAddr [22] is used but has no driver.
Warning: Wire sm_cpu.\imAddr [21] is used but has no driver.
Warning: Wire sm_cpu.\imAddr [20] is used but has no driver.
Warning: Wire sm_cpu.\imAddr [19] is used but has no driver.
Warning: Wire sm_cpu.\imAddr [18] is used but has no driver.
Warning: Wire sm_cpu.\imAddr [17] is used but has no driver.
Warning: Wire sm_cpu.\imAddr [16] is used but has no driver.
Warning: Wire sm_cpu.\imAddr [15] is used but has no driver.
Warning: Wire sm_cpu.\imAddr [14] is used but has no driver.
Warning: Wire sm_cpu.\imAddr [13] is used but has no driver.
Warning: Wire sm_cpu.\imAddr [12] is used but has no driver.
Warning: Wire sm_cpu.\imAddr [11] is used but has no driver.
Warning: Wire sm_cpu.\imAddr [10] is used but has no driver.
Warning: Wire sm_cpu.\imAddr [9] is used but has no driver.
Warning: Wire sm_cpu.\imAddr [8] is used but has no driver.
Warning: Wire sm_cpu.\imAddr [7] is used but has no driver.
Warning: Wire sm_cpu.\imAddr [6] is used but has no driver.
Warning: Wire sm_cpu.\imAddr [5] is used but has no driver.
Warning: Wire sm_cpu.\imAddr [4] is used but has no driver.
Warning: Wire sm_cpu.\imAddr [3] is used but has no driver.
Warning: Wire sm_cpu.\imAddr [2] is used but has no driver.
Warning: Wire sm_cpu.\imAddr [1] is used but has no driver.
Warning: Wire sm_cpu.\imAddr [0] is used but has no driver.
found and reported 64 problems.
